[3J[H[2J[0;36m
╔═══════════════════════════════════════════════════════════════════════╗
║                                                                       ║
║     ██████╗██╗      █████╗ ██╗   ██╗██████╗ ███████╗                 ║
║    ██╔════╝██║     ██╔══██╗██║   ██║██╔══██╗██╔════╝                 ║
║    ██║     ██║     ███████║██║   ██║██║  ██║█████╗                   ║
║    ██║     ██║     ██╔══██║██║   ██║██║  ██║██╔══╝                   ║
║    ╚██████╗███████╗██║  ██║╚██████╔╝██████╔╝███████╗                 ║
║     ╚═════╝╚══════╝╚═╝  ╚═╝ ╚═════╝ ╚═════╝ ╚══════╝                 ║
║                                                                       ║
║               ██████╗ ██╗   ██╗██╗██╗     ██████╗ ███████╗██████╗    ║
║               ██╔══██╗██║   ██║██║██║     ██╔══██╗██╔════╝██╔══██╗   ║
║               ██████╔╝██║   ██║██║██║     ██║  ██║█████╗  ██████╔╝   ║
║               ██╔══██╗██║   ██║██║██║     ██║  ██║██╔══╝  ██╔══██╗   ║
║               ██████╔╝╚██████╔╝██║███████╗██████╔╝███████╗██║  ██║   ║
║               ╚═════╝  ╚═════╝ ╚═╝╚══════╝╚═════╝ ╚══════╝╚═╝  ╚═╝   ║
║                                                                       ║
║                              v2.3.0                                   ║
╚═══════════════════════════════════════════════════════════════════════╝
[0m

[0;34m[1m=== Claude Code Builder v2.3.0 - Autonomous Build Script ===[0m
[1;33mBuilding an enhanced production-ready project builder[0m
[0;36mModel: claude-opus-4-20250514 | Phases: 12[0m

[0;36mOutput directory: [1m/Users/nick/Desktop/ccb-m0-test-final[0m
[1;33mCreating output directory...[0m
[0;32mBuilding in: [1m/Users/nick/Desktop/ccb-m0-test-final/claude-code-builder[0m

[0;32m🚀 Starting fresh build[0m


[0;35m[PHASE START][0m 2025-06-15 00:23:23 [1mSetting up MCP servers for Claude Code Builder[0m
[0;36mℹ [0mConfiguring Model Context Protocol servers...
[0;36mℹ [0mMCP servers provide enhanced capabilities for Claude Code:
[0;32m✓ [0mMEM0_API_KEY detected. Using Mem0 for intelligent memory management.
[0;36mℹ [0mMem0 MCP server configuration:
[0;36mℹ [0m  - Command: npx -y @mem0/mcp
[0;36mℹ [0m  - API Key: m0-3tPdTjp...YPxb
[0;36mℹ [0m  - Purpose: Intelligent memory with semantic search
[0;36mℹ [0m  - Features: LLM-powered extraction, contradiction resolution, persistence
[0;36mℹ [0mMCP servers configured:
[0;36mℹ [0m  1. mem0-mcp - Intelligent memory with semantic search
[0;36mℹ [0m  2. sequential-thinking - Step-by-step reasoning for complex problems
[0;36mℹ [0m     Command: npx -y @modelcontextprotocol/server-sequential-thinking
[0;36mℹ [0m  3. filesystem - Enhanced file operations with path restrictions
[0;36mℹ [0m     Command: npx -y @modelcontextprotocol/server-filesystem
[0;36mℹ [0m     Allowed paths: Current directory (.)
[0;36mℹ [0m  4. git - Version control operations
[0;36mℹ [0m     Command: npx -y @modelcontextprotocol/server-git
[0;36mℹ [0mGenerated MCP configuration (.mcp.json):
    {
    "mcpServers": {
    "mem0-mcp": {
    "command": "npx",
    "args": ["-y", "@mem0/mcp"],
    "env": {
    "MEM0_API_KEY": "m0-3tPdTjpcv6BNJxc0PihMTQ1jAR1XywG6yJ55YPxb"
    },
    "description": "Intelligent memory with LLM-powered extraction and semantic search"
    },
    "sequential-thinking": {
    "command": "npx",
    "args": ["-y", "@modelcontextprotocol/server-sequential-thinking"],
    "description": "Plan complex implementations and dependencies"
    },
    "filesystem": {
    "command": "npx",
    "args": ["-y", "@modelcontextprotocol/server-filesystem", "--allowed-paths", "."],
    "description": "Enhanced file operations for complex project structure"
    },
    "git": {
    "command": "npx",
    "args": ["-y", "@modelcontextprotocol/server-git"],
    "description": "Git operations for version control and progress tracking"
    }
    }
    }
[0;32m✓ [0mMCP configuration created with memory, sequential-thinking, filesystem, and git servers
[0;36mℹ [0mInitializing git repository...
hint: Using 'master' as the name for the initial branch. This default branch name
hint: is subject to change. To configure the initial branch name to use in all
hint: of your new repositories, which will suppress this warning, call:
hint:
hint: 	git config --global init.defaultBranch <name>
hint:
hint: Names commonly chosen instead of 'master' are 'main', 'trunk' and
hint: 'development'. The just-created branch can be renamed via this command:
hint:
hint: 	git branch -m <name>
Initialized empty Git repository in /Users/nick/Desktop/ccb-m0-test-final/claude-code-builder/.git/
[master (root-commit) 1944b34] Initial commit: Claude Code Builder project setup
 1 file changed, 1 insertion(+)
 create mode 100644 .gitignore
[0;36mℹ [0mDiscovering all available MCP servers...
[0;36mℹ [0mChecking globally installed NPM packages...
[0;36mℹ [0m  Found: @modelcontextprotocol/server-filesystem
[0;36mℹ [0m  Found: @modelcontextprotocol/server-github
[0;36mℹ [0m  Found: @modelcontextprotocol/server-memory
[0;36mℹ [0m  Found: @modelcontextprotocol/server-sequential-thinking
[0;36mℹ [0mChecking Claude Desktop configuration...
[0;36mℹ [0m  Found in Claude config: Context7
[0;36mℹ [0m  Found in Claude config: apple-shortcuts
[0;36mℹ [0m  Found in Claude config: desktop-commander
[0;36mℹ [0m  Found in Claude config: fetch
[0;36mℹ [0m  Found in Claude config: filesystem
[0;36mℹ [0m  Found in Claude config: firecrawl-mcp
[0;36mℹ [0m  Found in Claude config: git
[0;36mℹ [0m  Found in Claude config: github
[0;36mℹ [0m  Found in Claude config: mem0
[0;36mℹ [0m  Found in Claude config: memory
[0;36mℹ [0m  Found in Claude config: puppeteer
[0;36mℹ [0m  Found in Claude config: sequential-thinking
[0;36mℹ [0m  Found in Claude config: taskmaster-ai
[0;36mℹ [0m  Verified installed: @modelcontextprotocol/server-gitlab
[0;36mℹ [0m  Verified installed: @modelcontextprotocol/server-git
[0;36mℹ [0m  Verified installed: @modelcontextprotocol/server-puppeteer
[0;36mℹ [0m  Verified installed: @modelcontextprotocol/server-slack
[0;36mℹ [0m  Verified installed: @modelcontextprotocol/server-postgres
[0;36mℹ [0m  Verified installed: @modelcontextprotocol/server-sqlite
[0;36mℹ [0m  Verified installed: @modelcontextprotocol/server-everything
[0;36mℹ [0m  Verified installed: @modelcontextprotocol/server-fetch
[0;36mℹ [0m  Verified installed: @modelcontextprotocol/server-brave-search
[0;36mℹ [0m  Verified installed: @modelcontextprotocol/server-google-maps
[0;36mℹ [0m  Verified installed: @anthropic/server-evals
[0;36mℹ [0m  Verified installed: @mem0/mcp
[0;36mℹ [0m  Verified installed: @shimizu/mcp-server-perplexity
[0;36mℹ [0m  Verified installed: mcp-server-linear
[0;36mℹ [0m  Verified installed: mcp-server-notion
[0;36mℹ [0mDiscovered 32 MCP servers
[0;36mℹ [0mGenerated 62 whitelisted commands

[0;32m✅ MCP Server Configuration:[0m
[0;34m  MCP config file created at: /Users/nick/Desktop/ccb-m0-test-final/claude-code-builder/.mcp.json[0m
[1;33m  Configured MCP servers:[0m
[0;36m    - filesystem[0m
[0;36m    - git[0m
[0;36m    - mem0-mcp[0m
[0;36m    - sequential-thinking[0m

[0;32m  Memory backend: Mem0 (intelligent memory with semantic search)[0m
[0;34m  Mem0 API key is configured[0m
[0;32m[PHASE COMPLETE][0m 2025-06-15 00:23:29 ✅ [1mMCP configuration created[0m
[0;36m[INITIALIZING][0m 2025-06-15 00:23:29 🔧 [1mStoring user preferences in Mem0[0m

[0;35m[PHASE START][0m 2025-06-15 00:23:29 [1mPhase 0: Store User Preferences[0m

[2m════════════════════════════════════════════════════════════════════════[0m

[0;36mℹ [0mClaude command: claude --print --model claude-opus-4-20250514 --mcp-config .mcp.json --dangerously-skip-permissions --output-format stream-json --verbose --max-turns 50
[0;36mℹ [0mStarting Claude with model claude-opus-4-20250514...

[0;36mℹ [0mSession ID: 400c576c-974c-4ecf-b47f-712777548845
[1;34m🤖[0m Claude: I'll store these user preferences in mem0 for you. Let me add each preference to maintain consistenc...
[0;35m🔧[0m Using [1mTask[0m: Processing...
[1;34m🤖[0m Claude: The mem0-mcp__add-memory tool is not available in my current environment. I cannot store the prefere...


[0;32m[PHASE COMPLETE][0m 2025-06-15 00:23:50 ✅ [1mPhase 0 completed[0m
[0;32m[PHASE COMPLETE][0m 2025-06-15 00:23:50 ✅ [1mUser preferences stored in Mem0[0m
[0;36m[INITIALIZING][0m 2025-06-15 00:23:50 🔧 [1mInitializing project analysis[0m
[0;36mℹ [0mRunning comprehensive project analysis...

[0;35m[PHASE START][0m 2025-06-15 00:23:50 [1mPhase 0: Project Analysis[0m

[2m════════════════════════════════════════════════════════════════════════[0m

[0;36mℹ [0mClaude command: claude --print --model claude-opus-4-20250514 --mcp-config .mcp.json --dangerously-skip-permissions --output-format stream-json --verbose --max-turns 50
[0;36mℹ [0mStarting Claude with model claude-opus-4-20250514...

[0;36mℹ [0mSession ID: adf47eb3-615e-4062-ac16-a041adbb2648
[1;34m🤖[0m Claude: I'll analyze the Claude Code Builder v2.3.0 specification comprehensively and save my findings to me...
[0;35m🔧[0m Using [1mmcp__sequential-thinking__sequentialthinking[0m: Processing...
[0;35m🔧[0m Using [1mmcp__sequential-thinking__sequentialthinking[0m: Processing...
[0;35m🔧[0m Using [1mmcp__sequential-thinking__sequentialthinking[0m: Processing...
